// Jest Snapshot v1, https://goo.gl/fbAQLP

exports[`renders correctly 1`] = `
<div
  className="sc-bdnyFh ktaMfq"
>
  <a
    href="/plan"
    onClick={[Function]}
    onMouseEnter={[Function]}
    onTouchStart={[Function]}
  >
    <div
      className="sc-gtsqUy dDJlsa"
    >
      <img
        className="sc-dlniIP"
        src="/iconmonstr-plus-6-24.png"
      />
      <span
        className="sc-hKFymg gtAkQk"
      >
        Add a trip
      </span>
    </div>
  </a>
</div>
`;
